2026-07-24T11:33:22 [INFO] RAW=/lustre06/project/6001995/raw_original BIDS=/lustre07/scratch/alexrees/bids OUT=/lustre07/scratch/alexrees/reports/physiology_audit workers=48
2026-07-24T11:33:23 [INFO] Loaded 135 session folder mappings
2026-07-24T11:33:27 [INFO] Discovery walk: 200000 files...
2026-07-24T11:33:34 [INFO] Discovery walk: 400000 files...
2026-07-24T11:33:39 [INFO] Discovery walk: 600000 files...
2026-07-24T11:33:44 [INFO] Discovery walk: 800000 files...
2026-07-24T11:33:48 [INFO] Discovery complete: pmu=678 physiolog=1626 dicom=890132 text=299 mat=2885
2026-07-24T11:33:52 [INFO] Reused source_inventory (5488)
2026-07-24T11:33:52 [INFO] Reused pmu_metadata_inventory (684)
2026-07-24T11:33:52 [INFO] Reused physiolog_dicom_deep (1626)
2026-07-24T11:33:52 [INFO] Reused matlab_physio_inventory (29)
2026-07-24T11:34:14 [INFO] DICOM parallel scan: 890132 files, workers=48, remaining=890132
2026-07-24T11:35:53 [INFO] DICOM scan progress 25000 / 890132
2026-07-24T11:36:38 [INFO] DICOM scan progress 50000 / 890132
2026-07-24T11:37:14 [INFO] DICOM scan progress 75000 / 890132
2026-07-24T11:37:49 [INFO] DICOM scan progress 100000 / 890132
2026-07-24T11:38:23 [INFO] DICOM scan progress 125000 / 890132
2026-07-24T11:38:58 [INFO] DICOM scan progress 150000 / 890132
2026-07-24T11:40:34 [INFO] DICOM scan progress 175000 / 890132
2026-07-24T11:41:16 [INFO] DICOM scan progress 200000 / 890132
2026-07-24T11:42:10 [INFO] DICOM scan progress 225000 / 890132
2026-07-24T11:42:49 [INFO] DICOM scan progress 250000 / 890132
2026-07-24T11:43:29 [INFO] DICOM scan progress 275000 / 890132
2026-07-24T11:44:10 [INFO] DICOM scan progress 300000 / 890132
2026-07-24T11:45:20 [INFO] DICOM scan progress 325000 / 890132
2026-07-24T11:59:56 [INFO] RAW=/lustre06/project/6001995/raw_original BIDS=/lustre07/scratch/alexrees/bids OUT=/lustre07/scratch/alexrees/reports/physiology_audit workers=16
2026-07-24T11:59:58 [INFO] Loaded 135 session folder mappings
2026-07-24T11:59:58 [INFO] Loading discovery cache
2026-07-24T12:00:09 [INFO] Reused source_inventory (5488)
2026-07-24T12:00:09 [INFO] Reused pmu_metadata_inventory (684)
2026-07-24T12:00:10 [INFO] Reused physiolog_dicom_deep (1626)
2026-07-24T12:00:10 [INFO] Reused matlab_physio_inventory (29)
2026-07-24T12:00:16 [INFO] Resuming DICOM scan from checkpoint (325000 rows)
2026-07-24T12:00:17 [INFO] DICOM parallel scan: 890132 files, workers=16, remaining=565132
2026-07-24T12:02:48 [INFO] DICOM scan progress 350000 / 890132
2026-07-24T12:05:49 [INFO] DICOM scan progress 375000 / 890132
2026-07-24T12:09:05 [INFO] DICOM scan progress 400000 / 890132
2026-07-24T12:11:14 [INFO] DICOM scan progress 425000 / 890132
2026-07-24T12:15:11 [INFO] DICOM scan progress 450000 / 890132
2026-07-24T12:19:02 [INFO] DICOM scan progress 475000 / 890132
2026-07-24T12:22:25 [INFO] DICOM scan progress 500000 / 890132
2026-07-24T12:25:34 [INFO] DICOM scan progress 525000 / 890132
2026-07-24T12:27:32 [INFO] DICOM scan progress 550000 / 890132
2026-07-24T12:29:19 [INFO] DICOM scan progress 575000 / 890132
2026-07-24T12:31:04 [INFO] DICOM scan progress 600000 / 890132
2026-07-24T12:32:55 [INFO] DICOM scan progress 625000 / 890132
2026-07-24T12:34:57 [INFO] DICOM scan progress 650000 / 890132
2026-07-24T12:37:12 [INFO] DICOM scan progress 675000 / 890132
2026-07-24T12:39:25 [INFO] DICOM scan progress 700000 / 890132
2026-07-24T12:42:45 [INFO] DICOM scan progress 725000 / 890132
2026-07-24T12:46:08 [INFO] DICOM scan progress 750000 / 890132
2026-07-24T12:49:12 [INFO] DICOM scan progress 775000 / 890132
2026-07-24T12:52:37 [INFO] DICOM scan progress 800000 / 890132
2026-07-24T12:55:59 [INFO] DICOM scan progress 825000 / 890132
2026-07-24T12:58:27 [INFO] DICOM scan progress 850000 / 890132
2026-07-24T13:00:20 [INFO] DICOM scan progress 875000 / 890132
2026-07-24T13:01:53 [INFO] DICOM scan finished (890132 / 890132). Checkpoint: /lustre07/scratch/alexrees/reports/physiology_audit/_dicom_scan_checkpoint.tsv
2026-07-24T13:06:57 [INFO] Indexed BOLD protocols for 135 subject-sessions (1621 runs)
2026-07-24T13:07:11 [INFO] Wrote figures under /lustre07/scratch/alexrees/reports/physiology_audit/figures
2026-07-24T13:07:11 [INFO] DONE option=OPTION B recoverable_YES=1302
FORENSIC AUDIT COMPLETE: OPTION B recoverable_YES=1302 out=/lustre07/scratch/alexrees/reports/physiology_audit
