[2026-07-28T14:38:18.731401+00:00] Finding Movie roots under /lustre06/project/6001995/raw_original …
  movie roots: 156
Step 1–3: script inventory + keyword search + Show_movie …
Step 4: output.txt / logs …
Step 5: Results/*.mat …
Step 7: Movie physio …
Step 6–8: feasibility + final reports …
{
  "generated": "2026-07-28T14:40:01.823118+00:00",
  "movie_roots": 156,
  "scripts": 312,
  "unique_script_sha16": 8,
  "code_search_hits": 3717,
  "output_log_rows": 5140,
  "output_REAL_TIMING": 0,
  "mat_SCANNER_LOCKED_TIMING": 0,
  "mat_FRAME_TIMING": 0,
  "physio_rows": 1285,
  "RECONSTRUCTABLE": "NO",
  "show_movie": {
    "A_scanner_trigger_reception": "FOUND",
    "B_flip_timestamps": "NOT FOUND",
    "C_saved_timing": "NOT FOUND",
    "E_frame_timestamps": "NOT FOUND"
  }
}
DONE → /home/alexrees/scratch/reports/movie_events_audit/code_timing_audit
