=== FITBIR pre-submission audit (READ-ONLY) ===
root=/lustre07/scratch/alexrees
output=/lustre07/scratch/alexrees/reports/fitbir_pre_submission
[inventory] scanning bids…
[inventory] bids: 5000 files…
[inventory] bids: 10000 files…
[inventory] bids: 15000 files…
[inventory] bids: 20000 files…
[inventory] bids: 25000 files…
[inventory] bids: 30000 files…
[inventory] bids: done (31578 files)
[inventory] scanning metadata…
[inventory] metadata: done (105 files)
[inventory] scanning derivatives…
[inventory] derivatives: 5000 files…
[inventory] derivatives: 10000 files…
[inventory] derivatives: 15000 files…
[inventory] derivatives: 20000 files…
[inventory] derivatives: 25000 files…
[inventory] derivatives: 30000 files…
[inventory] derivatives: done (33631 files)
[inventory] scanning reports…
[inventory] reports: done (3422 files)
[inventory] scanning code…
[inventory] code: done (108 files)
Dataset inventory completed
[summary] subjects=84 tasks=['control', 'fmri', 'movie', 'rest']
[variables] collecting…
Variables detected: 3367
Potential Common Data Elements: 63
Potential Unique Data Elements: 24
Suggested Form Structures: written
Critical missing information: 0
Overall FITBIR readiness: 88/100
No files modified (BIDS/raw_original/derivatives untouched)
Outputs: /lustre07/scratch/alexrees/reports/fitbir_pre_submission
