2026-07-15 10:26:38 | INFO     | __main__ | Inventory started
2026-07-15 10:26:38 | INFO     | __main__ | Requested cohort filter: DataTON
2026-07-15 10:26:38 | INFO     | __main__ | No previous inventory_Data_TON.csv found.
2026-07-15 10:26:38 | INFO     | __main__ | No previous inventory_Data_TON_summary.json found.
2026-07-15 10:26:38 | INFO     | __main__ | No previous inventory_Data_TON.log found.
2026-07-15 10:26:38 | INFO     | __main__ | Starting inventory (read-only) for /lustre07/scratch/alexrees
2026-07-15 10:26:38 | INFO     | __main__ | Discovered 1 cohort(s) under /lustre07/scratch/alexrees/raw_original: ['Data_TON']
2026-07-15 10:26:38 | INFO     | __main__ | Scanning cohort 'Data_TON' at /lustre07/scratch/alexrees/raw_original/Data_TON
2026-07-15 10:37:36 | INFO     | __main__ | Inventory scan progress cohort=Data_TON files_scanned=5000 dicom_candidates=4972 elapsed=658.3s
2026-07-15 10:48:27 | INFO     | __main__ | Inventory scan progress cohort=Data_TON files_scanned=10000 dicom_candidates=9852 elapsed=1308.4s
2026-07-15 10:57:30 | INFO     | __main__ | Inventory scan progress cohort=Data_TON files_scanned=15000 dicom_candidates=14851 elapsed=1851.4s
2026-07-15 11:20:42 | INFO     | __main__ | Inventory scan completed cohort=Data_TON files_scanned=19352 dicom_candidates=19125 elapsed=3243.9s
2026-07-15 11:20:42 | INFO     | __main__ | Subjects discovered: 2 | Sessions discovered: 3 | Subjects with 1 session: 1 | Subjects with 2 sessions: 1 | Subjects with >2 sessions: 0
2026-07-15 12:37:31 | INFO     | __main__ | Cohort 'Data_TON': 225 series records, 0 corrupt files
2026-07-15 12:37:31 | INFO     | __main__ | Wrote inventory: /lustre07/scratch/alexrees/metadata/inventory_Data_TON.csv (225 rows)
2026-07-15 12:37:31 | INFO     | __main__ | Wrote inventory summary: /lustre07/scratch/alexrees/metadata/inventory_Data_TON_summary.json
2026-07-15 12:37:31 | INFO     | __main__ | Wrote no-DICOM subjects: /lustre07/scratch/alexrees/metadata/no_dicom_subjects.csv (0 sessions)
2026-07-15 12:37:31 | INFO     | __main__ | Canonical normalizations applied: 6
2026-07-15 12:37:31 | INFO     | __main__ | DICOM identifiers validated from tags: 3
2026-07-15 12:37:31 | INFO     | __main__ | DICOM identifiers not present in tags: 0
2026-07-15 12:37:31 | INFO     | __main__ | DICOM identifier mismatches: 0
2026-07-15 12:37:32 | INFO     | __main__ | Inventory completed successfully
