2026-07-15 10:26:38 | INFO     | __main__ | Inventory started
2026-07-15 10:26:38 | INFO     | __main__ | Requested cohort filter: DataON
2026-07-15 10:26:38 | INFO     | __main__ | No previous inventory_Data_ON.csv found.
2026-07-15 10:26:38 | INFO     | __main__ | No previous inventory_Data_ON_summary.json found.
2026-07-15 10:26:38 | INFO     | __main__ | No previous inventory_Data_ON.log found.
2026-07-15 10:26:38 | INFO     | __main__ | Starting inventory (read-only) for /lustre07/scratch/alexrees
2026-07-15 10:26:39 | INFO     | __main__ | Discovered 1 cohort(s) under /lustre07/scratch/alexrees/raw_original: ['Data_ON']
2026-07-15 10:26:39 | INFO     | __main__ | Scanning cohort 'Data_ON' at /lustre07/scratch/alexrees/raw_original/Data_ON
2026-07-15 10:41:05 | INFO     | __main__ | Inventory scan progress cohort=Data_ON files_scanned=5000 dicom_candidates=4998 elapsed=866.1s
2026-07-15 10:55:47 | INFO     | __main__ | Inventory scan progress cohort=Data_ON files_scanned=10000 dicom_candidates=9896 elapsed=1748.6s
2026-07-15 11:31:16 | INFO     | __main__ | Inventory scan progress cohort=Data_ON files_scanned=15000 dicom_candidates=14863 elapsed=3877.8s
2026-07-15 11:59:02 | INFO     | __main__ | Inventory scan progress cohort=Data_ON files_scanned=20000 dicom_candidates=19807 elapsed=5542.9s
2026-07-15 12:24:09 | INFO     | __main__ | Inventory scan progress cohort=Data_ON files_scanned=25000 dicom_candidates=24754 elapsed=7050.8s
2026-07-15 12:40:29 | INFO     | __main__ | Inventory scan progress cohort=Data_ON files_scanned=30000 dicom_candidates=29747 elapsed=8030.3s
2026-07-15 12:55:13 | INFO     | __main__ | Inventory scan progress cohort=Data_ON files_scanned=35000 dicom_candidates=34672 elapsed=8914.5s
2026-07-15 13:10:14 | INFO     | __main__ | Inventory scan progress cohort=Data_ON files_scanned=40000 dicom_candidates=39593 elapsed=9815.8s
2026-07-15 13:25:00 | INFO     | __main__ | Inventory scan progress cohort=Data_ON files_scanned=45000 dicom_candidates=44545 elapsed=10701.4s
2026-07-15 13:25:00 | INFO     | __main__ | Inventory scan completed cohort=Data_ON files_scanned=45029 dicom_candidates=44545 elapsed=10701.4s
2026-07-15 13:25:00 | INFO     | __main__ | Subjects discovered: 7 | Sessions discovered: 8 | Subjects with 1 session: 6 | Subjects with 2 sessions: 1 | Subjects with >2 sessions: 0
2026-07-15 15:31:33 | INFO     | __main__ | Cohort 'Data_ON': 543 series records, 0 corrupt files
2026-07-15 15:31:33 | INFO     | __main__ | Wrote inventory: /lustre07/scratch/alexrees/metadata/inventory_Data_ON.csv (543 rows)
2026-07-15 15:31:33 | INFO     | __main__ | Wrote inventory summary: /lustre07/scratch/alexrees/metadata/inventory_Data_ON_summary.json
2026-07-15 15:31:33 | INFO     | __main__ | Wrote no-DICOM subjects: /lustre07/scratch/alexrees/metadata/no_dicom_subjects.csv (0 sessions)
2026-07-15 15:31:33 | WARNING  | __main__ | [subject_identifier_not_present|warning] /lustre07/scratch/alexrees/raw_original/Data_ON/SUBON1_Session02_12DEC2024/ON02_12DEC2024_24_12_13-13_47_16-STD-1_3_12_2_1107_5_2_43_166092/DR_SHMUEL_FINAL_PROTOCOL_20241213_135443_695000/CONTROL1_PA_0012/SUBON_SESSION02_12DEC2024.MR.DR_SHMUEL_FINAL_PROTOCOL.0012.0001.2024.12.13.15.46.40.341558.227004778.IMA — No subject identifier found in DICOM tags; folder naming used as canonical source.
2026-07-15 15:31:33 | WARNING  | __main__ | [subject_identifier_not_present|warning] /lustre07/scratch/alexrees/raw_original/Data_ON/SUBON06_Session01_2025AUG13/SUBON06_SESSION01_2025AUG13/MR166092.MR.Dr_Shmuel_FINAL.1.1.2025.08.13.18.27.06.147.30847696.dcm — No subject identifier found in DICOM tags; folder naming used as canonical source.
2026-07-15 15:31:33 | WARNING  | __main__ | [subject_identifier_not_present|warning] /lustre07/scratch/alexrees/raw_original/Data_ON/SUBON07_Session01_2025AUG15/SUBON07_SESSION01_2025AUG15/MR166092.MR.Dr_Shmuel_FINAL.1.1.2025.08.15.16.55.27.423.14231491.dcm — No subject identifier found in DICOM tags; folder naming used as canonical source.
2026-07-15 15:31:33 | INFO     | __main__ | Wrote inventory warnings: /lustre07/scratch/alexrees/metadata/inventory_warnings.csv, /lustre07/scratch/alexrees/metadata/inventory_warnings.log
2026-07-15 15:31:33 | INFO     | __main__ | Canonical normalizations applied: 13
2026-07-15 15:31:33 | INFO     | __main__ | DICOM identifiers validated from tags: 5
2026-07-15 15:31:33 | INFO     | __main__ | DICOM identifiers not present in tags: 3
2026-07-15 15:31:33 | INFO     | __main__ | DICOM identifier mismatches: 0
2026-07-15 15:31:34 | INFO     | __main__ | Inventory completed successfully
