2026-07-27T17:26:10 [INFO] Building READY job list…
2026-07-27T17:26:10 [INFO] READY jobs with filepath+gates: 1307
2026-07-27T17:26:27 [INFO] Converted 50 / 1307
2026-07-27T17:26:38 [INFO] Converted 100 / 1307
2026-07-27T17:26:52 [INFO] Converted 150 / 1307
2026-07-27T17:27:10 [INFO] Converted 200 / 1307
2026-07-27T17:27:28 [INFO] Converted 250 / 1307
2026-07-27T17:27:42 [INFO] Converted 300 / 1307
2026-07-27T17:27:53 [INFO] Converted 350 / 1307
2026-07-27T17:28:03 [INFO] Converted 400 / 1307
2026-07-27T17:28:09 [INFO] Converted 450 / 1307
2026-07-27T17:28:18 [INFO] Converted 500 / 1307
2026-07-27T17:28:24 [INFO] Converted 550 / 1307
2026-07-27T17:28:31 [INFO] Converted 600 / 1307
2026-07-27T17:28:42 [INFO] Converted 650 / 1307
2026-07-27T17:28:57 [INFO] Converted 700 / 1307
2026-07-27T17:29:11 [INFO] Converted 750 / 1307
2026-07-27T17:29:38 [INFO] Converted 800 / 1307
2026-07-27T17:29:57 [INFO] Converted 850 / 1307
2026-07-27T17:30:18 [INFO] Converted 900 / 1307
2026-07-27T17:30:33 [INFO] Converted 950 / 1307
2026-07-27T17:30:47 [INFO] Converted 1000 / 1307
2026-07-27T17:31:00 [INFO] Converted 1050 / 1307
2026-07-27T17:31:11 [INFO] Converted 1100 / 1307
2026-07-27T17:31:23 [INFO] Converted 1150 / 1307
2026-07-27T17:31:34 [INFO] Converted 1200 / 1307
2026-07-27T17:31:49 [INFO] Converted 1250 / 1307
2026-07-27T17:31:58 [INFO] Converted 1300 / 1307
2026-07-27T17:32:01 [INFO] Converted 1307 / 1307
2026-07-27T17:32:01 [INFO] Status counts: {'OK': 1307}
2026-07-27T17:32:01 [INFO] PHI audit of *_physio.json under /home/alexrees/scratch/bids
2026-07-27T17:32:10 [INFO] PHI audit findings: 0 (PHI_RISK=0)
2026-07-27T17:32:10 [INFO] Wrote /home/alexrees/scratch/reports/physiology_audit/final_bids_physio_readiness/conversion_run/CONVERSION_SUMMARY.md
