Spot-check: ACCEPT=15 REJECT=0 jobs=15
  sub-015 ses-01 → sub-015_ses-01_task-control_run-05: ACCEPT_HIGH (spotcheck_pass_protocol+dsn<=2+csa_ok+no_existing)
  sub-015 ses-01 → sub-015_ses-01_task-control_run-07: ACCEPT_HIGH (spotcheck_pass_protocol+dsn<=2+csa_ok+no_existing)
  sub-016 ses-02 → sub-016_ses-02_task-fmri_run-07: ACCEPT_HIGH (spotcheck_pass_protocol+dsn<=2+csa_ok+no_existing)
  sub-016 ses-02 → sub-016_ses-02_task-fmri_run-09: ACCEPT_HIGH (spotcheck_pass_protocol+dsn<=2+csa_ok+no_existing)
  sub-021 ses-02 → sub-021_ses-02_task-rest_run-01: ACCEPT_HIGH (spotcheck_pass_protocol+dsn<=2+csa_ok+no_existing)
  sub-035 ses-02 → sub-035_ses-02_task-rest_run-01: ACCEPT_HIGH (spotcheck_pass_protocol+dsn<=2+csa_ok+no_existing)
  sub-035 ses-02 → sub-035_ses-02_task-rest_run-03: ACCEPT_HIGH (spotcheck_pass_protocol+dsn<=2+csa_ok+no_existing)
  sub-038 ses-02 → sub-038_ses-02_task-fmri_run-02: ACCEPT_HIGH (spotcheck_pass_protocol+dsn<=2+csa_ok+no_existing)
  sub-038 ses-02 → sub-038_ses-02_task-fmri_run-04: ACCEPT_HIGH (spotcheck_pass_protocol+dsn<=2+csa_ok+no_existing)
  sub-040 ses-01 → sub-040_ses-01_task-fmri_run-07: ACCEPT_HIGH (spotcheck_pass_protocol+dsn<=2+csa_ok+no_existing)
  sub-040 ses-01 → sub-040_ses-01_task-fmri_run-09: ACCEPT_HIGH (spotcheck_pass_protocol+dsn<=2+csa_ok+no_existing)
  sub-060 ses-01 → sub-060_ses-01_task-movie_run-01: ACCEPT_HIGH (spotcheck_pass_protocol+dsn<=2+csa_ok+no_existing)
  sub-060 ses-01 → sub-060_ses-01_task-movie_run-03: ACCEPT_HIGH (spotcheck_pass_protocol+dsn<=2+csa_ok+no_existing)
  sub-082 ses-01 → sub-082_ses-01_task-movie_run-05: ACCEPT_HIGH (spotcheck_pass_protocol+dsn<=2+csa_ok+no_existing)
  sub-082 ses-01 → sub-082_ses-01_task-movie_run-07: ACCEPT_HIGH (spotcheck_pass_protocol+dsn<=2+csa_ok+no_existing)
CONVERT sub-015 sub-015_ses-01_task-control_run-05: OK n_files=6 err=
CONVERT sub-015 sub-015_ses-01_task-control_run-07: OK n_files=6 err=
CONVERT sub-016 sub-016_ses-02_task-fmri_run-07: OK n_files=6 err=
CONVERT sub-016 sub-016_ses-02_task-fmri_run-09: OK n_files=6 err=
CONVERT sub-021 sub-021_ses-02_task-rest_run-01: OK n_files=6 err=
CONVERT sub-035 sub-035_ses-02_task-rest_run-01: OK n_files=6 err=
CONVERT sub-035 sub-035_ses-02_task-rest_run-03: OK n_files=6 err=
CONVERT sub-038 sub-038_ses-02_task-fmri_run-02: OK n_files=6 err=
CONVERT sub-038 sub-038_ses-02_task-fmri_run-04: OK n_files=6 err=
CONVERT sub-040 sub-040_ses-01_task-fmri_run-07: OK n_files=6 err=
CONVERT sub-040 sub-040_ses-01_task-fmri_run-09: OK n_files=6 err=
CONVERT sub-060 sub-060_ses-01_task-movie_run-01: OK n_files=6 err=
CONVERT sub-060 sub-060_ses-01_task-movie_run-03: OK n_files=6 err=
CONVERT sub-082 sub-082_ses-01_task-movie_run-05: OK n_files=6 err=
CONVERT sub-082 sub-082_ses-01_task-movie_run-07: OK n_files=6 err=
{
  "generated_utc": "2026-07-29T18:13:38.470617+00:00",
  "n_high_puls_resp_candidates": 15,
  "n_accepted": 15,
  "n_converted_ok": 15,
  "dry_run": false,
  "also_release": true,
  "status_counts": {
    "OK": 15
  },
  "accepted_stems": [
    "sub-015_ses-01_task-control_run-05",
    "sub-015_ses-01_task-control_run-07",
    "sub-016_ses-02_task-fmri_run-07",
    "sub-016_ses-02_task-fmri_run-09",
    "sub-021_ses-02_task-rest_run-01",
    "sub-035_ses-02_task-rest_run-01",
    "sub-035_ses-02_task-rest_run-03",
    "sub-038_ses-02_task-fmri_run-02",
    "sub-038_ses-02_task-fmri_run-04",
    "sub-040_ses-01_task-fmri_run-07",
    "sub-040_ses-01_task-fmri_run-09",
    "sub-060_ses-01_task-movie_run-01",
    "sub-060_ses-01_task-movie_run-03",
    "sub-082_ses-01_task-movie_run-05",
    "sub-082_ses-01_task-movie_run-07"
  ]
}
