2026-07-27T12:19:05 relaunch SUBC001 from 66496517_1 cleared_failed=0 -> 66499354
2026-07-27T12:19:08 relaunch SUBC013 from 66496517_13 cleared_failed=0 -> 66499368
2026-07-27T12:19:09 relaunch SUBC017 from 66496517_17 cleared_failed=0 -> 66499370
2026-07-27T12:19:10 relaunch SUBC018 from 66496517_18 cleared_failed=0 -> 66499373
2026-07-27T12:19:11 no new failures (known=4 total_failed=4)
2026-07-27T12:19:11 no new failures (known=4 total_failed=4)
2026-07-27T12:21:13 no new failures (known=4 total_failed=4)
2026-07-27T12:21:13 no new failures (known=4 total_failed=4)
2026-07-27T12:23:14 no new failures (known=4 total_failed=4)
2026-07-27T12:23:14 no new failures (known=4 total_failed=4)
2026-07-27T12:25:20 no new failures (known=4 total_failed=4)
2026-07-27T12:25:20 no new failures (known=4 total_failed=4)
2026-07-27T12:28:55 no new failures (known=4 total_failed=4)
2026-07-27T12:28:55 no new failures (known=4 total_failed=4)
2026-07-27T12:30:58 no new failures (known=4 total_failed=4)
2026-07-27T12:30:58 no new failures (known=4 total_failed=4)
2026-07-27T12:32:59 no new failures (known=4 total_failed=4)
2026-07-27T12:32:59 no new failures (known=4 total_failed=4)
2026-07-27T12:35:01 no new failures (known=4 total_failed=4)
2026-07-27T12:35:01 no new failures (known=4 total_failed=4)
sbatch: NOTE: Your memory request of 16384.0M was likely submitted as 16.0G. Please note that Slurm interprets memory requests denominated in G as multiples of 1024M, not 1000M.
2026-07-27T12:37:02 relaunch SUBC055 from 66496517_54 cleared_failed=2 -> 66500451
2026-07-27T12:37:02 relaunch SUBC055 from 66496517_54 cleared_failed=2 -> 66500451
2026-07-27T12:39:09 no new failures (known=5 total_failed=5)
2026-07-27T12:39:09 no new failures (known=5 total_failed=5)
2026-07-27T12:40:41 no new failures (known=5 total_failed=5)
2026-07-27T12:41:10 no new failures (known=5 total_failed=5)
2026-07-27T12:41:10 no new failures (known=5 total_failed=5)
2026-07-27T12:43:11 no new failures (known=5 total_failed=5)
2026-07-27T12:43:11 no new failures (known=5 total_failed=5)
sbatch: NOTE: Your memory request of 16384.0M was likely submitted as 16.0G. Please note that Slurm interprets memory requests denominated in G as multiples of 1024M, not 1000M.
2026-07-27T12:45:14 relaunch SUBC048 from 66496517_47 cleared_failed=1 -> 66500944
2026-07-27T12:45:14 relaunch SUBC048 from 66496517_47 cleared_failed=1 -> 66500944
2026-07-27T12:47:00 no new failures (known=6 total_failed=6)
2026-07-27T12:47:15 no new failures (known=6 total_failed=6)
2026-07-27T12:47:15 no new failures (known=6 total_failed=6)
sbatch: NOTE: Your memory request of 16384.0M was likely submitted as 16.0G. Please note that Slurm interprets memory requests denominated in G as multiples of 1024M, not 1000M.
2026-07-27T12:49:19 relaunch SUBON06 from 66496517_61 cleared_failed=2 -> 66501051
2026-07-27T12:49:19 relaunch SUBON06 from 66496517_61 cleared_failed=2 -> 66501051
sbatch: NOTE: Your memory request of 16384.0M was likely submitted as 16.0G. Please note that Slurm interprets memory requests denominated in G as multiples of 1024M, not 1000M.
2026-07-27T12:49:24 relaunch SUBON07 from 66496517_62 cleared_failed=2 -> 66501054
2026-07-27T12:49:24 relaunch SUBON07 from 66496517_62 cleared_failed=2 -> 66501054
2026-07-27T12:51:26 no new failures (known=8 total_failed=8)
2026-07-27T12:51:26 no new failures (known=8 total_failed=8)
2026-07-27T12:52:51 relaunch SUBON08 from 66496517_63 cleared_failed=2 -> 66501175
2026-07-27T12:53:28 no new failures (known=9 total_failed=9)
2026-07-27T12:53:28 no new failures (known=9 total_failed=9)
2026-07-27T12:55:29 no new failures (known=9 total_failed=9)
2026-07-27T12:55:29 no new failures (known=9 total_failed=9)
2026-07-27T12:57:31 no new failures (known=9 total_failed=9)
2026-07-27T12:57:31 no new failures (known=9 total_failed=9)
2026-07-27T12:59:32 no new failures (known=9 total_failed=9)
2026-07-27T12:59:32 no new failures (known=9 total_failed=9)
2026-07-27T13:01:39 no new failures (known=9 total_failed=9)
2026-07-27T13:01:39 no new failures (known=9 total_failed=9)
sbatch: NOTE: Your memory request of 16384.0M was likely submitted as 16.0G. Please note that Slurm interprets memory requests denominated in G as multiples of 1024M, not 1000M.
2026-07-27T13:03:45 relaunch SUBC057 from 66496517_56 cleared_failed=2 -> 66501725
2026-07-27T13:03:45 relaunch SUBC057 from 66496517_56 cleared_failed=2 -> 66501725
sbatch: NOTE: Your memory request of 16384.0M was likely submitted as 16.0G. Please note that Slurm interprets memory requests denominated in G as multiples of 1024M, not 1000M.
2026-07-27T13:03:45 relaunch SUBG02 from 66496517_67 cleared_failed=1 -> 66501726
2026-07-27T13:03:45 relaunch SUBG02 from 66496517_67 cleared_failed=1 -> 66501726
2026-07-27T13:05:51 no new failures (known=11 total_failed=11)
2026-07-27T13:05:51 no new failures (known=11 total_failed=11)
2026-07-27T13:07:54 no new failures (known=11 total_failed=11)
2026-07-27T13:07:54 no new failures (known=11 total_failed=11)
2026-07-27T13:09:55 no new failures (known=11 total_failed=11)
2026-07-27T13:09:55 no new failures (known=11 total_failed=11)
2026-07-27T13:11:57 no new failures (known=11 total_failed=11)
2026-07-27T13:11:57 no new failures (known=11 total_failed=11)
2026-07-27T13:13:58 no new failures (known=11 total_failed=11)
2026-07-27T13:13:58 no new failures (known=11 total_failed=11)
2026-07-27T13:16:01 no new failures (known=11 total_failed=11)
2026-07-27T13:16:01 no new failures (known=11 total_failed=11)
2026-07-27T13:21:08 no new failures (known=11 total_failed=11)
2026-07-27T13:21:08 no new failures (known=11 total_failed=11)
2026-07-27T13:23:10 no new failures (known=11 total_failed=11)
2026-07-27T13:23:10 no new failures (known=11 total_failed=11)
2026-07-27T13:25:11 no new failures (known=11 total_failed=11)
2026-07-27T13:25:11 no new failures (known=11 total_failed=11)
2026-07-27T13:27:12 no new failures (known=11 total_failed=11)
2026-07-27T13:27:12 no new failures (known=11 total_failed=11)
2026-07-27T13:29:14 no new failures (known=11 total_failed=11)
2026-07-27T13:29:14 no new failures (known=11 total_failed=11)
2026-07-27T13:31:16 no new failures (known=11 total_failed=11)
2026-07-27T13:31:16 no new failures (known=11 total_failed=11)
2026-07-27T13:33:20 no new failures (known=11 total_failed=11)
2026-07-27T13:33:20 no new failures (known=11 total_failed=11)
2026-07-27T13:35:22 no new failures (known=11 total_failed=11)
2026-07-27T13:35:22 no new failures (known=11 total_failed=11)
2026-07-27T13:37:24 no new failures (known=11 total_failed=11)
2026-07-27T13:37:24 no new failures (known=11 total_failed=11)
2026-07-27T13:39:26 no new failures (known=11 total_failed=11)
2026-07-27T13:39:26 no new failures (known=11 total_failed=11)
2026-07-27T13:41:28 no new failures (known=11 total_failed=11)
2026-07-27T13:41:28 no new failures (known=11 total_failed=11)
2026-07-27T13:43:29 no new failures (known=11 total_failed=11)
2026-07-27T13:43:29 no new failures (known=11 total_failed=11)
2026-07-27T13:45:37 no new failures (known=11 total_failed=11)
2026-07-27T13:45:37 no new failures (known=11 total_failed=11)
2026-07-27T13:47:39 no new failures (known=11 total_failed=11)
2026-07-27T13:47:39 no new failures (known=11 total_failed=11)
2026-07-27T13:49:40 no new failures (known=11 total_failed=11)
2026-07-27T13:49:40 no new failures (known=11 total_failed=11)
2026-07-27T13:51:41 no new failures (known=11 total_failed=11)
2026-07-27T13:51:41 no new failures (known=11 total_failed=11)
2026-07-27T13:53:43 no new failures (known=11 total_failed=11)
2026-07-27T13:53:43 no new failures (known=11 total_failed=11)
2026-07-27T13:55:45 no new failures (known=11 total_failed=11)
2026-07-27T13:55:45 no new failures (known=11 total_failed=11)
2026-07-27T13:57:54 no new failures (known=11 total_failed=11)
2026-07-27T13:57:54 no new failures (known=11 total_failed=11)
2026-07-27T13:59:55 no new failures (known=11 total_failed=11)
2026-07-27T13:59:55 no new failures (known=11 total_failed=11)
2026-07-27T14:02:55 no new failures (known=11 total_failed=11)
2026-07-27T14:02:55 no new failures (known=11 total_failed=11)
2026-07-27T14:05:03 no new failures (known=11 total_failed=11)
2026-07-27T14:05:03 no new failures (known=11 total_failed=11)
2026-07-27T14:07:05 no new failures (known=11 total_failed=11)
2026-07-27T14:07:05 no new failures (known=11 total_failed=11)
2026-07-27T14:09:07 no new failures (known=11 total_failed=11)
2026-07-27T14:09:07 no new failures (known=11 total_failed=11)
2026-07-27T14:11:11 no new failures (known=11 total_failed=11)
2026-07-27T14:11:11 no new failures (known=11 total_failed=11)
2026-07-27T14:13:24 no new failures (known=11 total_failed=11)
2026-07-27T14:13:24 no new failures (known=11 total_failed=11)
2026-07-27T14:15:31 no new failures (known=11 total_failed=11)
2026-07-27T14:15:31 no new failures (known=11 total_failed=11)
2026-07-27T14:17:33 no new failures (known=11 total_failed=11)
2026-07-27T14:17:33 no new failures (known=11 total_failed=11)
2026-07-27T14:19:41 no new failures (known=11 total_failed=11)
2026-07-27T14:19:41 no new failures (known=11 total_failed=11)
2026-07-27T14:21:50 no new failures (known=11 total_failed=11)
2026-07-27T14:21:50 no new failures (known=11 total_failed=11)
2026-07-27T14:23:56 no new failures (known=11 total_failed=11)
2026-07-27T14:23:56 no new failures (known=11 total_failed=11)
2026-07-27T14:26:09 no new failures (known=11 total_failed=11)
2026-07-27T14:26:09 no new failures (known=11 total_failed=11)
