2026-07-24T13:56:28 [INFO] Inventory: total=1626 READY=1302 FAILED=324 (80.1% recoverable)
2026-07-24T13:56:29 [INFO] Resolving SeriesInstanceUID for 1582 PhysioLog series
2026-07-24T13:56:33 [INFO] UID resolve 200 / 1582
2026-07-24T13:56:34 [INFO] UID resolve 400 / 1582
2026-07-24T13:56:35 [INFO] UID resolve 600 / 1582
2026-07-24T13:56:36 [INFO] UID resolve 800 / 1582
2026-07-24T13:56:37 [INFO] UID resolve 1000 / 1582
2026-07-24T13:56:39 [INFO] UID resolve 1200 / 1582
2026-07-24T13:56:40 [INFO] UID resolve 1400 / 1582
2026-07-24T13:56:42 [INFO] UID index size: 1563
2026-07-24T13:56:42 [INFO] Joined status→deep: 1626 rows, missing UID match=0
2026-07-24T13:56:55 [INFO] Waveform quality checks for 1302 READY PhysioLogs
2026-07-24T13:57:03 [INFO] Waveform 100 / 1302
2026-07-24T13:57:10 [INFO] Waveform 200 / 1302
2026-07-24T13:57:17 [INFO] Waveform 300 / 1302
2026-07-24T13:57:24 [INFO] Waveform 400 / 1302
2026-07-24T13:57:30 [INFO] Waveform 500 / 1302
2026-07-24T13:57:37 [INFO] Waveform 600 / 1302
2026-07-24T13:57:43 [INFO] Waveform 700 / 1302
2026-07-24T13:57:50 [INFO] Waveform 800 / 1302
2026-07-24T13:57:57 [INFO] Waveform 900 / 1302
2026-07-24T13:58:02 [INFO] Waveform 1000 / 1302
2026-07-24T13:58:10 [INFO] Waveform 1100 / 1302
2026-07-24T13:58:17 [INFO] Waveform 1200 / 1302
2026-07-24T13:58:24 [INFO] Waveform 1300 / 1302
2026-07-24T13:58:25 [INFO] Waveform 1302 / 1302

PHYSIOLOGY READINESS AUDIT COMPLETE

Total PhysioLog: 1626

Eligible for BIDS conversion: 1302

Excluded: 324

Recommendation: READY

Reports: /lustre07/scratch/alexrees/reports/physiology_audit/final_bids_physio_readiness
