=== PART 1: REVIEW gradient analysis ===
  REVIEW=111 single_orientation=False
=== PART 2: Negative b0 investigation ===
Part 2: 26 negative mean_b0 scans
  negative b0: sub-001_ses-01_run-02_dwi
  negative b0: sub-002_ses-02_run-02_dwi
  negative b0: sub-005_ses-02_run-02_dwi
  negative b0: sub-006_ses-01_run-02_dwi
  negative b0: sub-006_ses-02_run-02_dwi
  negative b0: sub-011_ses-02_run-02_dwi
  negative b0: sub-012_ses-01_run-02_dwi
  negative b0: sub-019_ses-02_run-02_dwi
  negative b0: sub-024_ses-02_run-02_dwi
  negative b0: sub-025_ses-01_run-02_dwi
  negative b0: sub-025_ses-01_run-04_dwi
  negative b0: sub-026_ses-02_run-02_dwi
  negative b0: sub-028_ses-01_run-02_dwi
  negative b0: sub-028_ses-02_run-02_dwi
  negative b0: sub-029_ses-02_run-02_dwi
  negative b0: sub-031_ses-01_run-02_dwi
  negative b0: sub-038_ses-02_run-02_dwi
  negative b0: sub-041_ses-01_run-02_dwi
  negative b0: sub-045_ses-01_run-02_dwi
  negative b0: sub-046_ses-02_run-02_dwi
  negative b0: sub-050_ses-01_run-02_dwi
  negative b0: sub-066_ses-01_run-02_dwi
  negative b0: sub-075_ses-01_run-02_dwi
  negative b0: sub-076_ses-01_run-02_dwi
  negative b0: sub-078_ses-01_run-02_dwi
  negative b0: sub-081_ses-01_run-02_dwi
  negative classifications: {'signed_reconstruction_with_overinclusive_mask': 15, 'signed_reconstruction': 11}
=== PARTS 3–4: Mask validation + robust signal ===
Parts 3–4: processing 361 scans (workers=4, bet=True)
  Parts 3–4 progress: 20/361
  Parts 3–4 progress: 40/361
  Parts 3–4 progress: 60/361
  Parts 3–4 progress: 80/361
  Parts 3–4 progress: 100/361
  Parts 3–4 progress: 120/361
  Parts 3–4 progress: 140/361
  Parts 3–4 progress: 160/361
  Parts 3–4 progress: 180/361
  Parts 3–4 progress: 200/361
=== PART 1: REVIEW gradient analysis ===
  REVIEW=111 single_orientation=False
=== PART 2: Negative b0 investigation ===
Part 2: 26 negative mean_b0 scans
  negative b0: sub-001_ses-01_run-02_dwi
  negative b0: sub-002_ses-02_run-02_dwi
  negative b0: sub-005_ses-02_run-02_dwi
  negative b0: sub-006_ses-01_run-02_dwi
  negative b0: sub-006_ses-02_run-02_dwi
  negative b0: sub-011_ses-02_run-02_dwi
  negative b0: sub-012_ses-01_run-02_dwi
  negative b0: sub-019_ses-02_run-02_dwi
  negative b0: sub-024_ses-02_run-02_dwi
  negative b0: sub-025_ses-01_run-02_dwi
  negative b0: sub-025_ses-01_run-04_dwi
  negative b0: sub-026_ses-02_run-02_dwi
  negative b0: sub-028_ses-01_run-02_dwi
  negative b0: sub-028_ses-02_run-02_dwi
  negative b0: sub-029_ses-02_run-02_dwi
  negative b0: sub-031_ses-01_run-02_dwi
  negative b0: sub-038_ses-02_run-02_dwi
  negative b0: sub-041_ses-01_run-02_dwi
  negative b0: sub-045_ses-01_run-02_dwi
  negative b0: sub-046_ses-02_run-02_dwi
  negative b0: sub-050_ses-01_run-02_dwi
  negative b0: sub-066_ses-01_run-02_dwi
  negative b0: sub-075_ses-01_run-02_dwi
  negative b0: sub-076_ses-01_run-02_dwi
  negative b0: sub-078_ses-01_run-02_dwi
  negative b0: sub-081_ses-01_run-02_dwi
  negative classifications: {'signed_reconstruction_with_overinclusive_mask': 15, 'signed_reconstruction': 11}
=== PARTS 3–4: Mask validation + robust signal ===
Parts 3–4: processing 361 scans (workers=4, BET priority subset=80)
  Parts 3–4 progress: 20/361
  Parts 3–4 progress: 40/361
  Parts 3–4 progress: 60/361
  Parts 3–4 progress: 80/361
  Parts 3–4 progress: 100/361
  Parts 3–4 progress: 120/361
  Parts 3–4 progress: 140/361
  Parts 3–4 progress: 160/361
