Building MATLAB events source inventory…
Scanning 132 MATLAB session roots…
  [1/132] sub-001 ses-01
  [10/132] sub-006 ses-01
  [20/132] sub-011 ses-02
  [30/132] sub-017 ses-02
  [40/132] sub-023 ses-02
  [50/132] sub-028 ses-02
  [60/132] sub-034 ses-02
  [70/132] sub-040 ses-01
  [80/132] sub-046 ses-02
  [90/132] sub-053 ses-01
  [100/132] sub-061 ses-01
  [110/132] sub-068 ses-01
  [120/132] sub-074 ses-01
  [130/132] sub-082 ses-01
  [132/132] sub-084 ses-01
  wrote /home/alexrees/scratch/reports/events_reconstruction/MATLAB_EVENTS_SOURCE_INVENTORY.tsv (2174 rows)
Reconstructing grating/fmri events…
  fmri events files: 470
Assessing movie (no invented timing)…
Assessing resting-state…
  wrote /home/alexrees/scratch/reports/events_reconstruction/events_validation.tsv
  wrote /home/alexrees/scratch/reports/events_reconstruction/events_generation_report.md
Staging mini BIDS + running bids-validator on sub-001 ses-01…
  validator summary: {'returncode': 1, 'error_keys': ['VOLUME_COUNT_MISMATCH'], 'warning_keys': ['EVENTS_TSV_MISSING', 'INCONSISTENT_PARAMETERS', 'README_FILE_MISSING', 'TOO_FEW_AUTHORS']}
Done.
